convex/auth.ts(52,17): error TS2322: Type 'string' is not assignable to type 'Id<"organization">'.
  Type 'string' is not assignable to type '{ __tableName: "organization"; }'.
convex/auth.ts(53,17): error TS2322: Type 'string' is not assignable to type 'Id<"member">'.
  Type 'string' is not assignable to type '{ __tableName: "member"; }'.
convex/auth.ts(62,23): error TS6133: 'ctx' is declared but its value is never read.
convex/betterAuth/_generated/server.ts(110,6): error TS6196: 'GenericCtx' is declared but never used.
src/components/ui/action-button.tsx(39,8): error TS2375: Type '{ children: Element[]; open: true | undefined; }' is not assignable to type 'AlertDialogProps' with 'exactOptionalPropertyTypes: true'. Consider adding 'undefined' to the types of the target's properties.
  Types of property 'open' are incompatible.
    Type 'boolean | undefined' is not assignable to type 'boolean'.
      Type 'undefined' is not assignable to type 'boolean'.
src/components/ui/credenza.tsx(93,8): error TS2375: Type '{ children: ReactNode; open: boolean; onOpenChange: (value: boolean) => void; autoFocus: boolean | undefined; }' is not assignable to type 'IntrinsicAttributes & DialogProps' with 'exactOptionalPropertyTypes: true'. Consider adding 'undefined' to the types of the target's properties.
  Type '{ children: ReactNode; open: boolean; onOpenChange: (value: boolean) => void; autoFocus: boolean | undefined; }' is not assignable to type '{ activeSnapPoint?: string | number | null; setActiveSnapPoint?: (snapPoint: string | number | null) => void; children?: ReactNode; open?: boolean; closeThreshold?: number; noBodyStyles?: boolean; ... 20 more ...; autoFocus?: boolean; }' with 'exactOptionalPropertyTypes: true'. Consider adding 'undefined' to the types of the target's properties.
    Types of property 'autoFocus' are incompatible.
      Type 'boolean | undefined' is not assignable to type 'boolean'.
        Type 'undefined' is not assignable to type 'boolean'.
src/components/ui/dropdown-menu.tsx(90,6): error TS2375: Type '{ children: (Element | ReactNode)[]; key?: Key | null | undefined; id?: string | undefined; property?: string | undefined; prefix?: string | undefined; title?: string | undefined; ... 279 more ...; checked: CheckedState | undefined; }' is not assignable to type 'DropdownMenuCheckboxItemProps' with 'exactOptionalPropertyTypes: true'. Consider adding 'undefined' to the types of the target's properties.
  Types of property 'checked' are incompatible.
    Type 'CheckedState | undefined' is not assignable to type 'CheckedState'.
      Type 'undefined' is not assignable to type 'CheckedState'.
src/features/auth/signin-modal.tsx(146,15): error TS2322: Type '"/terms"' is not assignable to type '"/ob/no-church" | "." | ".." | "/" | "/members" | "/demo/auth" | "/demo/convex" | "/demo/error-boundary" | "/ob/register-church"'.
src/features/auth/signin-modal.tsx(156,15): error TS2322: Type '"/privacy"' is not assignable to type '"/ob/no-church" | "." | ".." | "/" | "/members" | "/demo/auth" | "/demo/convex" | "/demo/error-boundary" | "/ob/register-church"'.
src/features/members/components/member-milestones-modal.tsx(31,5): error TS2322: Type '"milestones-modal"' is not assignable to type '"sign-in-modal" | "redirect-url"'.
src/features/members/components/member-milestones-modal.tsx(33,5): error TS2322: Type '"/members"' is not assignable to type 'keyof FileRoutesById'.
src/lib/auth-client.ts(12,28): error TS4111: Property 'VITE_CONVEX_SITE_URL' comes from an index signature, so it must be accessed with ['VITE_CONVEX_SITE_URL'].
src/routes/demo/convex.tsx(16,30): error TS2339: Property 'todos' does not exist on type '{ members: { list: FunctionReference<"query", "public", { search?: string; paginationOpts: { id?: number; endCursor?: string | null; maximumRowsRead?: number; maximumBytesRead?: number; numItems: number; cursor: string | null; }; }, { ...; }, string | undefined>; }; auth: { ...; }; }'.
src/routes/demo/convex.tsx(17,35): error TS2339: Property 'todos' does not exist on type '{ members: { list: FunctionReference<"query", "public", { search?: string; paginationOpts: { id?: number; endCursor?: string | null; maximumRowsRead?: number; maximumBytesRead?: number; numItems: number; cursor: string | null; }; }, { ...; }, string | undefined>; }; auth: { ...; }; }'.
src/routes/demo/convex.tsx(18,38): error TS2339: Property 'todos' does not exist on type '{ members: { list: FunctionReference<"query", "public", { search?: string; paginationOpts: { id?: number; endCursor?: string | null; maximumRowsRead?: number; maximumBytesRead?: number; numItems: number; cursor: string | null; }; }, { ...; }, string | undefined>; }; auth: { ...; }; }'.
src/routes/demo/convex.tsx(19,38): error TS2339: Property 'todos' does not exist on type '{ members: { list: FunctionReference<"query", "public", { search?: string; paginationOpts: { id?: number; endCursor?: string | null; maximumRowsRead?: number; maximumBytesRead?: number; numItems: number; cursor: string | null; }; }, { ...; }, string | undefined>; }; auth: { ...; }; }'.
src/routes/demo/convex.tsx(31,19): error TS2344: Type '"todos"' does not satisfy the constraint 'SystemTableNames | TableNames'.
src/routes/demo/convex.tsx(38,19): error TS2344: Type '"todos"' does not satisfy the constraint 'SystemTableNames | TableNames'.
src/routes/demo/convex.tsx(44,41): error TS7006: Parameter 'todo' implicitly has an 'any' type.
src/routes/demo/convex.tsx(121,27): error TS7006: Parameter 'todo' implicitly has an 'any' type.
src/routes/demo/convex.tsx(121,33): error TS7006: Parameter 'index' implicitly has an 'any' type.
